Release 10.1.03 Map K.39 (lin64)
Xilinx Map Application Log File for Design 'nf2_top'

Design Information
------------------
Command Line   : map -intstyle ise -timing -xe n -detail -ol high -cm speed
-register_duplication -ignore_keep_hierarchy -pr b -k 4 -c 100 -tx off
nf2_top.ngd 
Target Device  : xc2vp50
Target Package : ff1152
Target Speed   : -7
Mapper Version : virtex2p -- $Revision: 1.46.12.2 $
Mapped Date    : Sat Feb 21 21:40:00 2026

Mapping design into LUTs...
Running directed packing...
Running delay-based LUT packing...
Running timing-driven packing...

Phase 1.1
Phase 1.1 (Checksum:3c0ec595) REAL time: 20 secs 

Phase 2.7
Phase 2.7 (Checksum:3c0ec595) REAL time: 20 secs 

Phase 3.31
Phase 3.31 (Checksum:3c0ec595) REAL time: 20 secs 

Phase 4.2

.
Phase 4.2 (Checksum:3c14e1fe) REAL time: 23 secs 

Phase 5.30
Phase 5.30 (Checksum:3c14e1fe) REAL time: 23 secs 

Phase 6.3
Phase 6.3 (Checksum:3c14e1fe) REAL time: 23 secs 

Phase 7.5
Phase 7.5 (Checksum:3c14e1fe) REAL time: 24 secs 

Phase 8.4
...........................
......
Phase 8.4 (Checksum:3c14e1fe) REAL time: 34 secs 

Phase 9.28
Phase 9.28 (Checksum:3c14e1fe) REAL time: 35 secs 

Phase 10.8
..........................
............
....
...............................
...............
...............
...............
Phase 10.8 (Checksum:c57ccda4) REAL time: 1 mins 21 secs 

Phase 11.29
Phase 11.29 (Checksum:c57ccda4) REAL time: 1 mins 21 secs 

Phase 12.5
Phase 12.5 (Checksum:c57ccda4) REAL time: 1 mins 22 secs 

Phase 13.18
Phase 13.18 (Checksum:c5d3e6a7) REAL time: 7 mins 38 secs 

Phase 14.5
Phase 14.5 (Checksum:c5d3e6a7) REAL time: 7 mins 41 secs 

Phase 15.27
Phase 15.27 (Checksum:c5d3e95f) REAL time: 7 mins 51 secs 

Phase 16.24
Phase 16.24 (Checksum:c5d3e95f) REAL time: 8 mins 1 secs 

REAL time consumed by placer: 8 mins 3 secs 
CPU  time consumed by placer: 7 mins 59 secs 
Invoking physical synthesis ...
............................
Physical synthesis completed.

Design Summary
--------------

Design Summary:
Number of errors:      0
Number of warnings: 2488
Logic Utilization:
  Number of Slice Flip Flops:        15,509 out of  47,232   32%
  Number of 4 input LUTs:            22,691 out of  47,232   48%
Logic Distribution:
  Number of occupied Slices:         15,173 out of  23,616   64%
    Number of Slices containing only related logic:  15,173 out of  15,173 100%
    Number of Slices containing unrelated logic:          0 out of  15,173   0%
      *See NOTES below for an explanation of the effects of unrelated logic.
  Total Number of 4 input LUTs:      23,917 out of  47,232   50%
    Number used as logic:            19,943
    Number used as a route-thru:      1,226
    Number used for Dual Port RAMs:   1,628
      (Two LUTs used per Dual Port RAM)
    Number used for 32x1 RAMs:          384
      (Two LUTs used per 32x1 RAM)
    Number used as 16x1 RAMs:           160
    Number used as Shift registers:     576
  Number of bonded IOBs:                356 out of     692   51%
    IOB Flip Flops:                     651
  Number of RAMB16s:                    107 out of     232   46%
  Number of BUFGMUXs:                     8 out of      16   50%
  Number of DCMs:                         6 out of       8   75%

Peak Memory Usage:  1794 MB
Total REAL time to MAP completion:  9 mins 15 secs 
Total CPU time to MAP completion:   9 mins 10 secs 

Mapping completed.
See MAP report file "nf2_top.mrp" for details.
