/root/netfpga/projects/WS_slidingLSH_alignmentAccelerator/synth/nf2_top.ngc 1776802805
/root/netfpga/projects/WS_slidingLSH_alignmentAccelerator/synth/srl_cam_unencoded_32x32.ngc 1392408693
/root/netfpga/projects/WS_slidingLSH_alignmentAccelerator/synth/bram_cam_unencoded_32x32.ngc 1392408612
/root/netfpga/projects/WS_slidingLSH_alignmentAccelerator/synth/syncfifo_512x72.ngc 1392409073
/root/netfpga/projects/WS_slidingLSH_alignmentAccelerator/synth/FIFO_72W256D.ngc 1776802630
/root/netfpga/projects/WS_slidingLSH_alignmentAccelerator/synth/hasher_5W256D.ngc 1776802630
/root/netfpga/projects/WS_slidingLSH_alignmentAccelerator/synth/trigger_fifo_11W256D.ngc 1776802631
/root/netfpga/projects/WS_slidingLSH_alignmentAccelerator/synth/transmissionFIFO_72W256D.ngc 1776802631
/root/netfpga/projects/WS_slidingLSH_alignmentAccelerator/synth/imem_36W512D.ngc 1776802630
/root/netfpga/projects/WS_slidingLSH_alignmentAccelerator/synth/WeightStationaryHold_64W8192D.ngc 1776802631
/root/netfpga/projects/WS_slidingLSH_alignmentAccelerator/synth/AI_Weights_64W256D.ngc 1776802630
/root/netfpga/projects/WS_slidingLSH_alignmentAccelerator/synth/PacketInputs_64W256D.ngc 1776802631
/root/netfpga/projects/WS_slidingLSH_alignmentAccelerator/synth/MathDest_64W256D.ngc 1776802630
/root/netfpga/projects/WS_slidingLSH_alignmentAccelerator/synth/dmem_64W256D.ngc 1776802630
/root/netfpga/projects/WS_slidingLSH_alignmentAccelerator/synth/bf16_unpacker_16W512D.ngc 1776802630
/root/netfpga/projects/WS_slidingLSH_alignmentAccelerator/synth/bf16_unpacker_16W256D.ngc 1776802630
/root/netfpga/projects/WS_slidingLSH_alignmentAccelerator/synth/mult_bf16.ngc 1776802630
/root/netfpga/projects/WS_slidingLSH_alignmentAccelerator/synth/shifter_8W2048D.ngc 1776802631
/root/netfpga/projects/WS_slidingLSH_alignmentAccelerator/synth/bf16_packer_16W512D.ngc 1776802630
/root/netfpga/projects/WS_slidingLSH_alignmentAccelerator/synth/cdq_tx_fifo_256x72_to_36.ngc 1392408366
/root/netfpga/projects/WS_slidingLSH_alignmentAccelerator/synth/cdq_rx_fifo_512x36_to_72.ngc 1392408281
/root/netfpga/projects/WS_slidingLSH_alignmentAccelerator/synth/txfifo_512x72_to_9.ngc 1392408420
/root/netfpga/projects/WS_slidingLSH_alignmentAccelerator/synth/rxfifo_8kx9_to_72.ngc 1392408470
/root/netfpga/projects/WS_slidingLSH_alignmentAccelerator/synth/rxlengthfifo_128x13.ngc 1392408389
/root/netfpga/projects/WS_slidingLSH_alignmentAccelerator/synth/pci2net_16x60.ngc 1392408858
/root/netfpga/projects/WS_slidingLSH_alignmentAccelerator/synth/net2pci_16x32.ngc 1392408827
OK
